<?xml version="1.0" encoding="UTF-8"?>
<testsuites name="bun test" tests="94" assertions="141" failures="0" skipped="0" time="0.362344297">
  <testsuite name="scripts/lib/checkout-link-verify.test.ts" file="scripts/lib/checkout-link-verify.test.ts" tests="39" assertions="49" failures="0" skipped="0" time="0" hostname="sandbox-pool-84777f5c5c-z27tb">
    <testsuite name="validateCheckoutParams" file="scripts/lib/checkout-link-verify.test.ts" line="20" tests="12" assertions="15" failures="0" skipped="0" time="0.01" hostname="sandbox-pool-84777f5c5c-z27tb">
      <testcase name="accepts a canonical app/plan link" classname="validateCheckoutParams" time="0.004079" file="scripts/lib/checkout-link-verify.test.ts" line="23" assertions="1" />
      <testcase name="accepts a pack link" classname="validateCheckoutParams" time="0.00624" file="scripts/lib/checkout-link-verify.test.ts" line="27" assertions="1" />
      <testcase name="accepts ref and utm_* tracking params" classname="validateCheckoutParams" time="0.000256" file="scripts/lib/checkout-link-verify.test.ts" line="31" assertions="1" />
      <testcase name="accepts a root-relative return_to" classname="validateCheckoutParams" time="0.000089" file="scripts/lib/checkout-link-verify.test.ts" line="36" assertions="1" />
      <testcase name="rejects an unknown param" classname="validateCheckoutParams" time="0.000481" file="scripts/lib/checkout-link-verify.test.ts" line="40" assertions="2" />
      <testcase name="rejects an off-site return_to" classname="validateCheckoutParams" time="0.000165" file="scripts/lib/checkout-link-verify.test.ts" line="46" assertions="2" />
      <testcase name="rejects a protocol-relative return_to" classname="validateCheckoutParams" time="0.00009" file="scripts/lib/checkout-link-verify.test.ts" line="55" assertions="2" />
      <testcase name="rejects a badly shaped utm value" classname="validateCheckoutParams" time="0.000163" file="scripts/lib/checkout-link-verify.test.ts" line="64" assertions="1" />
      <testcase name="rejects duplicate params" classname="validateCheckoutParams" time="0.000065" file="scripts/lib/checkout-link-verify.test.ts" line="72" assertions="1" />
      <testcase name="rejects dynamic values for dynamicSafe:false params without allowlist" classname="validateCheckoutParams" time="0.000065" file="scripts/lib/checkout-link-verify.test.ts" line="77" assertions="1" />
      <testcase name="accepts dynamic values when the file allowlists that param" classname="validateCheckoutParams" time="0.000054" file="scripts/lib/checkout-link-verify.test.ts" line="82" assertions="1" />
      <testcase name="accepts dynamic tracking params without allowlist (dynamicSafe)" classname="validateCheckoutParams" time="0.000031" file="scripts/lib/checkout-link-verify.test.ts" line="91" assertions="1" />
    </testsuite>
    <testsuite name="stripComments" file="scripts/lib/checkout-link-verify.test.ts" line="97" tests="4" assertions="7" failures="0" skipped="0" time="0" hostname="sandbox-pool-84777f5c5c-z27tb">
      <testcase name="removes block comments" classname="stripComments" time="0.000118" file="scripts/lib/checkout-link-verify.test.ts" line="98" assertions="1" />
      <testcase name="removes line comments but keeps the leading char before //" classname="stripComments" time="0.000072" file="scripts/lib/checkout-link-verify.test.ts" line="102" assertions="3" />
      <testcase name="does not eat URLs (https://) — the `://` guard preserves them" classname="stripComments" time="0.000035" file="scripts/lib/checkout-link-verify.test.ts" line="109" assertions="1" />
      <testcase name="strips multi-line block comments containing checkout examples" classname="stripComments" time="0.000037" file="scripts/lib/checkout-link-verify.test.ts" line="114" assertions="2" />
    </testsuite>
    <testsuite name="extractFieldLiteral — direct string literals" file="scripts/lib/checkout-link-verify.test.ts" line="122" tests="3" assertions="4" failures="0" skipped="0" time="0" hostname="sandbox-pool-84777f5c5c-z27tb">
      <testcase name="resolves a double-quoted literal" classname="extractFieldLiteral — direct string literals" time="0.000261" file="scripts/lib/checkout-link-verify.test.ts" line="123" assertions="2" />
      <testcase name="resolves a single-quoted literal" classname="extractFieldLiteral — direct string literals" time="0.000046" file="scripts/lib/checkout-link-verify.test.ts" line="129" assertions="1" />
      <testcase name="tolerates trailing comma and whitespace" classname="extractFieldLiteral — direct string literals" time="0.000055" file="scripts/lib/checkout-link-verify.test.ts" line="134" assertions="1" />
    </testsuite>
    <testsuite name="extractFieldLiteral — in-file const references" file="scripts/lib/checkout-link-verify.test.ts" line="140" tests="4" assertions="6" failures="0" skipped="0" time="0" hostname="sandbox-pool-84777f5c5c-z27tb">
      <testcase name="resolves `as const` identifier" classname="extractFieldLiteral — in-file const references" time="0.000084" file="scripts/lib/checkout-link-verify.test.ts" line="147" assertions="1" />
      <testcase name="resolves identifier with second-arg field name" classname="extractFieldLiteral — in-file const references" time="0.000079" file="scripts/lib/checkout-link-verify.test.ts" line="152" assertions="1" />
      <testcase name="resolves plain const (without `as const`)" classname="extractFieldLiteral — in-file const references" time="0.000058" file="scripts/lib/checkout-link-verify.test.ts" line="157" assertions="1" />
      <testcase name="fails actionably when identifier is undefined in the file" classname="extractFieldLiteral — in-file const references" time="0.000142" file="scripts/lib/checkout-link-verify.test.ts" line="162" assertions="3" />
    </testsuite>
    <testsuite name="extractFieldLiteral — error paths" file="scripts/lib/checkout-link-verify.test.ts" line="170" tests="3" assertions="4" failures="0" skipped="0" time="0" hostname="sandbox-pool-84777f5c5c-z27tb">
      <testcase name="fails when the field is absent from the arg block" classname="extractFieldLiteral — error paths" time="0.000041" file="scripts/lib/checkout-link-verify.test.ts" line="171" assertions="1" />
      <testcase name="rejects non-literal expressions (template literals, calls, etc.)" classname="extractFieldLiteral — error paths" time="0.000288" file="scripts/lib/checkout-link-verify.test.ts" line="176" assertions="2" />
      <testcase name="does not cross-match similarly-named fields" classname="extractFieldLiteral — error paths" time="0.00005" file="scripts/lib/checkout-link-verify.test.ts" line="187" assertions="1" />
    </testsuite>
    <testsuite name="isValidSku — SKU catalog validation" file="scripts/lib/checkout-link-verify.test.ts" line="194" tests="13" assertions="13" failures="0" skipped="0" time="0" hostname="sandbox-pool-84777f5c5c-z27tb">
      <testcase name="accepts known SKU epublisher:starter:monthly" classname="isValidSku — SKU catalog validation" time="0.000071" file="scripts/lib/checkout-link-verify.test.ts" line="202" assertions="1" />
      <testcase name="accepts known SKU epublisher:business:monthly" classname="isValidSku — SKU catalog validation" time="0.000011" file="scripts/lib/checkout-link-verify.test.ts" line="202" assertions="1" />
      <testcase name="accepts known SKU creative_studio:creator:monthly" classname="isValidSku — SKU catalog validation" time="0.000007" file="scripts/lib/checkout-link-verify.test.ts" line="202" assertions="1" />
      <testcase name="accepts known SKU sync_vision:pro:monthly" classname="isValidSku — SKU catalog validation" time="0.000007" file="scripts/lib/checkout-link-verify.test.ts" line="202" assertions="1" />
      <testcase name="accepts known SKU youtube_optimizer:starter:monthly" classname="isValidSku — SKU catalog validation" time="0.000007" file="scripts/lib/checkout-link-verify.test.ts" line="202" assertions="1" />
      <testcase name="accepts known SKU all_access:all_access:monthly" classname="isValidSku — SKU catalog validation" time="0.000007" file="scripts/lib/checkout-link-verify.test.ts" line="202" assertions="1" />
      <testcase name="rejects invalid SKU epublisher:all_access:monthly" classname="isValidSku — SKU catalog validation" time="0.00002" file="scripts/lib/checkout-link-verify.test.ts" line="214" assertions="1" />
      <testcase name="rejects invalid SKU creative_studio:starter:monthly" classname="isValidSku — SKU catalog validation" time="0.000009" file="scripts/lib/checkout-link-verify.test.ts" line="214" assertions="1" />
      <testcase name="rejects invalid SKU youtube_optimizer:creator:monthly" classname="isValidSku — SKU catalog validation" time="0.000007" file="scripts/lib/checkout-link-verify.test.ts" line="214" assertions="1" />
      <testcase name="rejects invalid SKU sync_vision:free:monthly" classname="isValidSku — SKU catalog validation" time="0.000007" file="scripts/lib/checkout-link-verify.test.ts" line="214" assertions="1" />
      <testcase name="rejects invalid SKU unknown_app:pro:monthly" classname="isValidSku — SKU catalog validation" time="0.000008" file="scripts/lib/checkout-link-verify.test.ts" line="214" assertions="1" />
      <testcase name="rejects invalid SKU epublisher::monthly" classname="isValidSku — SKU catalog validation" time="0.000008" file="scripts/lib/checkout-link-verify.test.ts" line="214" assertions="1" />
      <testcase name="rejects invalid SKU :pro:monthly" classname="isValidSku — SKU catalog validation" time="0.000006" file="scripts/lib/checkout-link-verify.test.ts" line="214" assertions="1" />
    </testsuite>
  </testsuite>
  <testsuite name="scripts/lib/cron-auth-server.test.ts" file="scripts/lib/cron-auth-server.test.ts" tests="7" assertions="8" failures="0" skipped="0" time="0" hostname="sandbox-pool-84777f5c5c-z27tb">
    <testsuite name="assertCronAuthorized" file="scripts/lib/cron-auth-server.test.ts" line="23" tests="7" assertions="8" failures="0" skipped="0" time="0.001" hostname="sandbox-pool-84777f5c5c-z27tb">
      <testcase name="returns null for exact match" classname="assertCronAuthorized" time="0.000738" file="scripts/lib/cron-auth-server.test.ts" line="36" assertions="1" />
      <testcase name="length-mismatch token returns 403 without throwing" classname="assertCronAuthorized" time="0.001443" file="scripts/lib/cron-auth-server.test.ts" line="41" assertions="2" />
      <testcase name="same-length wrong token returns 403" classname="assertCronAuthorized" time="0.000448" file="scripts/lib/cron-auth-server.test.ts" line="52" assertions="1" />
      <testcase name="missing Authorization header returns 401" classname="assertCronAuthorized" time="0.000494" file="scripts/lib/cron-auth-server.test.ts" line="58" assertions="1" />
      <testcase name="non-Bearer scheme returns 401" classname="assertCronAuthorized" time="0.000264" file="scripts/lib/cron-auth-server.test.ts" line="63" assertions="1" />
      <testcase name="missing service role key returns 500" classname="assertCronAuthorized" time="0.000061" file="scripts/lib/cron-auth-server.test.ts" line="68" assertions="1" />
      <testcase name="does not use naive string equality (empty vs empty key edge)" classname="assertCronAuthorized" time="0.000042" file="scripts/lib/cron-auth-server.test.ts" line="74" assertions="1" />
    </testsuite>
  </testsuite>
  <testsuite name="scripts/lib/pricing-packs-verify.test.ts" file="scripts/lib/pricing-packs-verify.test.ts" tests="10" assertions="11" failures="0" skipped="0" time="0" hostname="sandbox-pool-84777f5c5c-z27tb">
    <testsuite name="verifyPackCatalogAgainstAppMeta" file="scripts/lib/pricing-packs-verify.test.ts" line="17" tests="5" assertions="5" failures="0" skipped="0" time="0" hostname="sandbox-pool-84777f5c5c-z27tb">
      <testcase name="passes when catalog and app meta are in sync" classname="verifyPackCatalogAgainstAppMeta" time="0.000284" file="scripts/lib/pricing-packs-verify.test.ts" line="18" assertions="1" />
      <testcase name="R1: flags a pack whose app has no APP_META section" classname="verifyPackCatalogAgainstAppMeta" time="0.000144" file="scripts/lib/pricing-packs-verify.test.ts" line="22" assertions="1" />
      <testcase name="R2: flags an APP_META section with no catalog packs" classname="verifyPackCatalogAgainstAppMeta" time="0.000092" file="scripts/lib/pricing-packs-verify.test.ts" line="28" assertions="1" />
      <testcase name="R3: flags a bad id shape" classname="verifyPackCatalogAgainstAppMeta" time="0.000123" file="scripts/lib/pricing-packs-verify.test.ts" line="36" assertions="1" />
      <testcase name="R3: flags a mismatched record key vs pack.id" classname="verifyPackCatalogAgainstAppMeta" time="0.000073" file="scripts/lib/pricing-packs-verify.test.ts" line="42" assertions="1" />
    </testsuite>
    <testsuite name="verifyPricingSourceUsesCatalogLoop" file="scripts/lib/pricing-packs-verify.test.ts" line="49" tests="5" assertions="6" failures="0" skipped="0" time="0" hostname="sandbox-pool-84777f5c5c-z27tb">
      <testcase name="passes on the canonical shape" classname="verifyPricingSourceUsesCatalogLoop" time="0.000341" file="scripts/lib/pricing-packs-verify.test.ts" line="57" assertions="1" />
      <testcase name="R4: fails when packsByApp is not derived from PACK_CATALOG" classname="verifyPricingSourceUsesCatalogLoop" time="0.000132" file="scripts/lib/pricing-packs-verify.test.ts" line="64" assertions="1" />
      <testcase name="R4: fails when href uses a literal instead of the loop var" classname="verifyPricingSourceUsesCatalogLoop" time="0.000194" file="scripts/lib/pricing-packs-verify.test.ts" line="73" assertions="1" />
      <testcase name="R4: fails when the pack map is missing entirely" classname="verifyPricingSourceUsesCatalogLoop" time="0.000058" file="scripts/lib/pricing-packs-verify.test.ts" line="82" assertions="1" />
      <testcase name="R5: surfaces literal pack ids for the driver to cross-check" classname="verifyPricingSourceUsesCatalogLoop" time="0.000453" file="scripts/lib/pricing-packs-verify.test.ts" line="88" assertions="2" />
    </testsuite>
  </testsuite>
  <testsuite name="scripts/lib/rop-ingest-schemas.test.ts" file="scripts/lib/rop-ingest-schemas.test.ts" tests="29" assertions="49" failures="0" skipped="0" time="0" hostname="sandbox-pool-84777f5c5c-z27tb">
    <testsuite name="parseIngestBody" file="scripts/lib/rop-ingest-schemas.test.ts" line="19" tests="5" assertions="25" failures="0" skipped="0" time="0.009" hostname="sandbox-pool-84777f5c5c-z27tb">
      <testcase name="returns ok:true with parsed data on a valid payload" classname="parseIngestBody" time="0.004137" file="scripts/lib/rop-ingest-schemas.test.ts" line="20" assertions="2" />
      <testcase name="returns invalid_json for malformed JSON" classname="parseIngestBody" time="0.00027" file="scripts/lib/rop-ingest-schemas.test.ts" line="28" assertions="5" />
      <testcase name="returns invalid_payload with per-field issues on schema violation" classname="parseIngestBody" time="0.002317" file="scripts/lib/rop-ingest-schemas.test.ts" line="39" assertions="13" />
      <testcase name="summary lists first 3 issues and counts the rest" classname="parseIngestBody" time="0.003124" file="scripts/lib/rop-ingest-schemas.test.ts" line="59" assertions="3" />
      <testcase name="nested array paths are dotted in issue.path" classname="parseIngestBody" time="0.000357" file="scripts/lib/rop-ingest-schemas.test.ts" line="74" assertions="2" />
    </testsuite>
    <testsuite name="PerfPayloadSchema" file="scripts/lib/rop-ingest-schemas.test.ts" line="86" tests="9" assertions="9" failures="0" skipped="0" time="0.004" hostname="sandbox-pool-84777f5c5c-z27tb">
      <testcase name="accepts a valid event with metadata record" classname="PerfPayloadSchema" time="0.000302" file="scripts/lib/rop-ingest-schemas.test.ts" line="87" assertions="1" />
      <testcase name="accepts an event with no optional fields" classname="PerfPayloadSchema" time="0.000147" file="scripts/lib/rop-ingest-schemas.test.ts" line="102" assertions="1" />
      <testcase name="rejects empty events array" classname="PerfPayloadSchema" time="0.000142" file="scripts/lib/rop-ingest-schemas.test.ts" line="109" assertions="1" />
      <testcase name="rejects more than 500 events" classname="PerfPayloadSchema" time="0.004616" file="scripts/lib/rop-ingest-schemas.test.ts" line="113" assertions="1" />
      <testcase name="rejects metadata that isn&apos;t an object record" classname="PerfPayloadSchema" time="0.000316" file="scripts/lib/rop-ingest-schemas.test.ts" line="120" assertions="1" />
      <testcase name="rejects missing required occurred_at" classname="PerfPayloadSchema" time="0.000205" file="scripts/lib/rop-ingest-schemas.test.ts" line="127" assertions="1" />
      <testcase name="rejects duration_ms over the 24h cap" classname="PerfPayloadSchema" time="0.000289" file="scripts/lib/rop-ingest-schemas.test.ts" line="133" assertions="1" />
      <testcase name="rejects negative duration_ms" classname="PerfPayloadSchema" time="0.000166" file="scripts/lib/rop-ingest-schemas.test.ts" line="143" assertions="1" />
      <testcase name="rejects step over 120 chars" classname="PerfPayloadSchema" time="0.000137" file="scripts/lib/rop-ingest-schemas.test.ts" line="150" assertions="1" />
    </testsuite>
    <testsuite name="SuggestionSchema" file="scripts/lib/rop-ingest-schemas.test.ts" line="158" tests="10" assertions="10" failures="0" skipped="0" time="0" hostname="sandbox-pool-84777f5c5c-z27tb">
      <testcase name="accepts a valid suggestion with evidence record" classname="SuggestionSchema" time="0.000244" file="scripts/lib/rop-ingest-schemas.test.ts" line="159" assertions="1" />
      <testcase name="accepts a minimal suggestion" classname="SuggestionSchema" time="0.000059" file="scripts/lib/rop-ingest-schemas.test.ts" line="173" assertions="1" />
      <testcase name="accepts source=rule" classname="SuggestionSchema" time="0.000057" file="scripts/lib/rop-ingest-schemas.test.ts" line="180" assertions="1" />
      <testcase name="accepts source=ai" classname="SuggestionSchema" time="0.000034" file="scripts/lib/rop-ingest-schemas.test.ts" line="180" assertions="1" />
      <testcase name="accepts source=cross_app" classname="SuggestionSchema" time="0.000015" file="scripts/lib/rop-ingest-schemas.test.ts" line="180" assertions="1" />
      <testcase name="accepts source=manual" classname="SuggestionSchema" time="0.000015" file="scripts/lib/rop-ingest-schemas.test.ts" line="180" assertions="1" />
      <testcase name="rejects unknown source enum" classname="SuggestionSchema" time="0.000128" file="scripts/lib/rop-ingest-schemas.test.ts" line="188" assertions="1" />
      <testcase name="rejects empty title" classname="SuggestionSchema" time="0.000104" file="scripts/lib/rop-ingest-schemas.test.ts" line="194" assertions="1" />
      <testcase name="rejects evidence that isn&apos;t an object record" classname="SuggestionSchema" time="0.000116" file="scripts/lib/rop-ingest-schemas.test.ts" line="200" assertions="1" />
      <testcase name="rejects missing local_id" classname="SuggestionSchema" time="0.000136" file="scripts/lib/rop-ingest-schemas.test.ts" line="207" assertions="1" />
    </testsuite>
    <testsuite name="AppliedSchema" file="scripts/lib/rop-ingest-schemas.test.ts" line="214" tests="5" assertions="5" failures="0" skipped="0" time="0" hostname="sandbox-pool-84777f5c5c-z27tb">
      <testcase name="accepts a valid applied action" classname="AppliedSchema" time="0.000982" file="scripts/lib/rop-ingest-schemas.test.ts" line="215" assertions="1" />
      <testcase name="accepts a reverted action without hub_suggestion_id" classname="AppliedSchema" time="0.000086" file="scripts/lib/rop-ingest-schemas.test.ts" line="228" assertions="1" />
      <testcase name="rejects unknown action" classname="AppliedSchema" time="0.000159" file="scripts/lib/rop-ingest-schemas.test.ts" line="236" assertions="1" />
      <testcase name="rejects non-uuid hub_suggestion_id" classname="AppliedSchema" time="0.000349" file="scripts/lib/rop-ingest-schemas.test.ts" line="242" assertions="1" />
      <testcase name="rejects missing target_key" classname="AppliedSchema" time="0.00013" file="scripts/lib/rop-ingest-schemas.test.ts" line="250" assertions="1" />
    </testsuite>
  </testsuite>
  <testsuite name="scripts/lib/timing-safe-auth.test.ts" file="scripts/lib/timing-safe-auth.test.ts" tests="9" assertions="24" failures="0" skipped="0" time="0" hostname="sandbox-pool-84777f5c5c-z27tb">
    <testsuite name="token comparison uses timingSafeEqual" file="scripts/lib/timing-safe-auth.test.ts" line="29" tests="9" assertions="24" failures="0" skipped="0" time="0" hostname="sandbox-pool-84777f5c5c-z27tb">
      <testcase name="src/routes/lovable/email/transactional/preview.ts imports/uses timingSafeEqual" classname="token comparison uses timingSafeEqual" time="0.000216" file="scripts/lib/timing-safe-auth.test.ts" line="31" assertions="1" />
      <testcase name="src/routes/lovable/email/transactional/preview.ts guards length before timingSafeEqual" classname="token comparison uses timingSafeEqual" time="0.000236" file="scripts/lib/timing-safe-auth.test.ts" line="36" assertions="1" />
      <testcase name="src/routes/lovable/email/transactional/preview.ts does not use === for the auth token" classname="token comparison uses timingSafeEqual" time="0.000393" file="scripts/lib/timing-safe-auth.test.ts" line="43" assertions="6" />
      <testcase name="src/routes/lovable/email/queue/process.ts imports/uses timingSafeEqual" classname="token comparison uses timingSafeEqual" time="0.000093" file="scripts/lib/timing-safe-auth.test.ts" line="31" assertions="1" />
      <testcase name="src/routes/lovable/email/queue/process.ts guards length before timingSafeEqual" classname="token comparison uses timingSafeEqual" time="0.000097" file="scripts/lib/timing-safe-auth.test.ts" line="36" assertions="1" />
      <testcase name="src/routes/lovable/email/queue/process.ts does not use === for the auth token" classname="token comparison uses timingSafeEqual" time="0.000255" file="scripts/lib/timing-safe-auth.test.ts" line="43" assertions="6" />
      <testcase name="src/lib/rop/cron-auth.server.ts imports/uses timingSafeEqual" classname="token comparison uses timingSafeEqual" time="0.000045" file="scripts/lib/timing-safe-auth.test.ts" line="31" assertions="1" />
      <testcase name="src/lib/rop/cron-auth.server.ts guards length before timingSafeEqual" classname="token comparison uses timingSafeEqual" time="0.000092" file="scripts/lib/timing-safe-auth.test.ts" line="36" assertions="1" />
      <testcase name="src/lib/rop/cron-auth.server.ts does not use === for the auth token" classname="token comparison uses timingSafeEqual" time="0.000162" file="scripts/lib/timing-safe-auth.test.ts" line="43" assertions="6" />
    </testsuite>
  </testsuite>
</testsuites>
